{"timestamp":"2026-06-01 21:34:16.433","level":"INFO","thread":"restartedMain","correlationId":"","logger":"c.d.d.DeliveryApiApplication","message":"Starting DeliveryApiApplication using Java 21.0.11 with PID 22480 (C:\Pasta Códiguinhos\arquitetura de sistemas fat\delivery-api\delivery-api\target\classes started by Santana in C:\Pasta Códiguinhos\arquitetura de sistemas fat\delivery-api\delivery-api)","exception":""}
{"timestamp":"2026-06-01 21:34:16.435","level":"INFO","thread":"restartedMain","correlationId":"","logger":"c.d.d.DeliveryApiApplication","message":"No active profile set, falling back to 1 default profile: "default"","exception":""}
{"timestamp":"2026-06-01 21:34:16.477","level":"INFO","thread":"restartedMain","correlationId":"","logger":"o.s.b.d.e.DevToolsPropertyDefaultsPostProcessor","message":"Devtools property defaults active! Set 'spring.devtools.add-properties' to 'false' to disable","exception":""}
{"timestamp":"2026-06-01 21:34:16.478","level":"INFO","thread":"restartedMain","correlationId":"","logger":"o.s.b.d.e.DevToolsPropertyDefaultsPostProcessor","message":"For additional web related logging consider setting the 'logging.level.web' property to 'DEBUG'","exception":""}
{"timestamp":"2026-06-01 21:34:17.294","level":"INFO","thread":"restartedMain","correlationId":"","logger":"o.s.d.r.c.RepositoryConfigurationDelegate","message":"Bootstrapping Spring Data JPA repositories in DEFAULT mode.","exception":""}
{"timestamp":"2026-06-01 21:34:17.365","level":"INFO","thread":"restartedMain","correlationId":"","logger":"o.s.d.r.c.RepositoryConfigurationDelegate","message":"Finished Spring Data repository scanning in 61 ms. Found 5 JPA repository interfaces.","exception":""}
{"timestamp":"2026-06-01 21:34:17.824","level":"INFO","thread":"restartedMain","correlationId":"","logger":"o.s.b.w.e.tomcat.TomcatWebServer","message":"Tomcat initialized with port 8080 (http)","exception":""}
{"timestamp":"2026-06-01 21:34:17.837","level":"INFO","thread":"restartedMain","correlationId":"","logger":"o.a.coyote.http11.Http11NioProtocol","message":"Initializing ProtocolHandler ["http-nio-8080"]","exception":""}
{"timestamp":"2026-06-01 21:34:17.839","level":"INFO","thread":"restartedMain","correlationId":"","logger":"o.a.catalina.core.StandardService","message":"Starting service [Tomcat]","exception":""}
{"timestamp":"2026-06-01 21:34:17.839","level":"INFO","thread":"restartedMain","correlationId":"","logger":"o.a.catalina.core.StandardEngine","message":"Starting Servlet engine: [Apache Tomcat/10.1.55]","exception":""}
{"timestamp":"2026-06-01 21:34:17.875","level":"INFO","thread":"restartedMain","correlationId":"","logger":"o.a.c.c.C.[Tomcat].[localhost].[/]","message":"Initializing Spring embedded WebApplicationContext","exception":""}
{"timestamp":"2026-06-01 21:34:17.875","level":"INFO","thread":"restartedMain","correlationId":"","logger":"o.s.b.w.s.c.ServletWebServerApplicationContext","message":"Root WebApplicationContext: initialization completed in 1396 ms","exception":""}
{"timestamp":"2026-06-01 21:34:17.991","level":"ERROR","thread":"restartedMain","correlationId":"","logger":"o.s.b.w.e.tomcat.TomcatStarter","message":"Error starting Tomcat context. Exception: org.springframework.beans.factory.UnsatisfiedDependencyException. Message: Error creating bean with name 'securityFilterChainRegistration' defined in class path resource [org/springframework/boot/autoconfigure/security/servlet/SecurityFilterAutoConfiguration.class]: Unsatisfied dependency expressed through method 'securityFilterChainRegistration' parameter 0: Error creating bean with name 'spring.security-org.springframework.boot.autoconfigure.security.SecurityProperties': Could not bind properties to 'SecurityProperties' : prefix=spring.security, ignoreInvalidFields=false, ignoreUnknownFields=true","exception":""}
{"timestamp":"2026-06-01 21:34:18.008","level":"INFO","thread":"restartedMain","correlationId":"","logger":"o.a.catalina.core.StandardService","message":"Stopping service [Tomcat]","exception":""}
{"timestamp":"2026-06-01 21:34:18.013","level":"WARN","thread":"restartedMain","correlationId":"","logger":"o.s.b.w.s.c.AnnotationConfigServletWebServerApplicationContext","message":"Exception encountered during context initialization - cancelling refresh attempt: org.springframework.context.ApplicationContextException: Unable to start web server","exception":""}
{"timestamp":"2026-06-01 21:34:18.022","level":"INFO","thread":"restartedMain","correlationId":"","logger":"o.s.b.a.l.ConditionEvaluationReportLogger","message":"

Error starting ApplicationContext. To display the condition evaluation report re-run your application with 'debug' enabled.","exception":""}
{"timestamp":"2026-06-01 21:34:18.036","level":"ERROR","thread":"restartedMain","correlationId":"","logger":"o.s.b.d.LoggingFailureAnalysisReporter","message":"

***************************
APPLICATION FAILED TO START
***************************

Description:

Failed to bind properties under 'spring.security.user' to org.springframework.boot.autoconfigure.security.SecurityProperties$User:

    Reason: org.springframework.core.convert.ConverterNotFoundException: No converter found capable of converting from type [java.lang.String] to type [org.springframework.boot.autoconfigure.security.SecurityProperties$User]

Action:

Update your application's configuration
","exception":""}
