2026-06-01 21:34:16.433 [restartedMain] INFO  [] c.d.d.DeliveryApiApplication - Starting DeliveryApiApplication using Java 21.0.11 with PID 22480 (C:\Pasta Códiguinhos\arquitetura de sistemas fat\delivery-api\delivery-api\target\classes started by Santana in C:\Pasta Códiguinhos\arquitetura de sistemas fat\delivery-api\delivery-api)
2026-06-01 21:34:16.435 [restartedMain] INFO  [] c.d.d.DeliveryApiApplication - No active profile set, falling back to 1 default profile: "default"
2026-06-01 21:34:16.477 [restartedMain] INFO  [] o.s.b.d.e.DevToolsPropertyDefaultsPostProcessor - Devtools property defaults active! Set 'spring.devtools.add-properties' to 'false' to disable
2026-06-01 21:34:16.478 [restartedMain] INFO  [] o.s.b.d.e.DevToolsPropertyDefaultsPostProcessor - For additional web related logging consider setting the 'logging.level.web' property to 'DEBUG'
2026-06-01 21:34:17.294 [restartedMain] INFO  [] o.s.d.r.c.RepositoryConfigurationDelegate - Bootstrapping Spring Data JPA repositories in DEFAULT mode.
2026-06-01 21:34:17.365 [restartedMain] INFO  [] o.s.d.r.c.RepositoryConfigurationDelegate - Finished Spring Data repository scanning in 61 ms. Found 5 JPA repository interfaces.
2026-06-01 21:34:17.824 [restartedMain] INFO  [] o.s.b.w.e.tomcat.TomcatWebServer - Tomcat initialized with port 8080 (http)
2026-06-01 21:34:17.837 [restartedMain] INFO  [] o.a.coyote.http11.Http11NioProtocol - Initializing ProtocolHandler ["http-nio-8080"]
2026-06-01 21:34:17.839 [restartedMain] INFO  [] o.a.catalina.core.StandardService - Starting service [Tomcat]
2026-06-01 21:34:17.839 [restartedMain] INFO  [] o.a.catalina.core.StandardEngine - Starting Servlet engine: [Apache Tomcat/10.1.55]
2026-06-01 21:34:17.875 [restartedMain] INFO  [] o.a.c.c.C.[Tomcat].[localhost].[/] - Initializing Spring embedded WebApplicationContext
2026-06-01 21:34:17.875 [restartedMain] INFO  [] o.s.b.w.s.c.ServletWebServerApplicationContext - Root WebApplicationContext: initialization completed in 1396 ms
2026-06-01 21:34:17.991 [restartedMain] ERROR [] o.s.b.w.e.tomcat.TomcatStarter - Error starting Tomcat context. Exception: org.springframework.beans.factory.UnsatisfiedDependencyException. Message: Error creating bean with name 'securityFilterChainRegistration' defined in class path resource [org/springframework/boot/autoconfigure/security/servlet/SecurityFilterAutoConfiguration.class]: Unsatisfied dependency expressed through method 'securityFilterChainRegistration' parameter 0: Error creating bean with name 'spring.security-org.springframework.boot.autoconfigure.security.SecurityProperties': Could not bind properties to 'SecurityProperties' : prefix=spring.security, ignoreInvalidFields=false, ignoreUnknownFields=true
2026-06-01 21:34:18.008 [restartedMain] INFO  [] o.a.catalina.core.StandardService - Stopping service [Tomcat]
2026-06-01 21:34:18.013 [restartedMain] WARN  [] o.s.b.w.s.c.AnnotationConfigServletWebServerApplicationContext - Exception encountered during context initialization - cancelling refresh attempt: org.springframework.context.ApplicationContextException: Unable to start web server
2026-06-01 21:34:18.022 [restartedMain] INFO  [] o.s.b.a.l.ConditionEvaluationReportLogger - 

Error starting ApplicationContext. To display the condition evaluation report re-run your application with 'debug' enabled.
2026-06-01 21:34:18.036 [restartedMain] ERROR [] o.s.b.d.LoggingFailureAnalysisReporter - 

***************************
APPLICATION FAILED TO START
***************************

Description:

Failed to bind properties under 'spring.security.user' to org.springframework.boot.autoconfigure.security.SecurityProperties$User:

    Reason: org.springframework.core.convert.ConverterNotFoundException: No converter found capable of converting from type [java.lang.String] to type [org.springframework.boot.autoconfigure.security.SecurityProperties$User]

Action:

Update your application's configuration

